// Jest Snapshot v1, https://goo.gl/fbAQLP

exports[`createConfig 1`] = `
Object {
  "babel": false,
  "dependencies": Array [
    "eslint@^42",
  ],
  "flowtype": false,
  "jest": false,
  "prettier": false,
  "react": false,
  "typescript": false,
  "vue": false,
  "yarn": true,
}
`;
